[13:32:03] fleet start: 22 jobs, concurrency 6
[13:34:03] seed-crypto: OK in 120s (593355 tok, $0.866) [done 1, failed 0]
[13:35:00] seed-weather-environment: parse failure (attempt 1): Expecting ',' delimiter: line 1365 column 3 (char 4318)
[13:35:10] seed-ai-ml: OK in 187s (518482 tok, $0.982) [done 2, failed 0]
[13:35:30] seed-finance: parse failure (attempt 1): Expecting ',' delimiter: line 1367 column 1 (char 4280)
[13:36:33] seed-news-media: OK in 270s (1305204 tok, $1.137) [done 3, failed 0]
[13:36:52] seed-geo-maps: parse failure (attempt 1): Expecting ',' delimiter: line 1366 column 2 (char 4538)
[13:37:05] seed-dev-tools: OK in 182s (862186 tok, $1.032) [done 4, failed 0]
[13:37:37] seed-weather-environment: OK in 157s (574092 tok, $0.796) [done 5, failed 0]
[13:38:05] seed-finance: OK in 155s (564390 tok, $1.168) [done 6, failed 0]
[13:38:44] seed-transportation: OK in 131s (765019 tok, $1.057) [done 7, failed 0]
[13:39:08] seed-geo-maps: OK in 137s (852176 tok, $1.087) [done 8, failed 0]
[13:40:36] seed-health-fitness: OK in 210s (1133092 tok, $1.082) [done 9, failed 0]
[13:41:12] seed-government-open-data: OK in 362s (1145610 tok, $1.138) [done 10, failed 0]
[13:41:30] seed-entertainment: OK in 205s (1247980 tok, $1.016) [done 11, failed 0]
[13:42:45] seed-social-communication: parse failure (attempt 1): Expecting ',' delimiter: line 1365 column 3 (char 4280)
[13:43:04] seed-food-drink: OK in 327s (1504228 tok, $1.385) [done 12, failed 0]
[13:44:22] seed-ecommerce-payments: OK in 190s (762252 tok, $1.103) [done 13, failed 0]
[13:44:40] seed-science-space: parse failure (attempt 1): Expecting ',' delimiter: line 1365 column 3 (char 4324)
[13:44:47] seed-social-communication: OK in 123s (849457 tok, $1.137) [done 14, failed 0]
[13:44:57] seed-fun-novelty: OK in 35s (30938 tok, $0.051) [done 15, failed 0]
[13:45:34] seed-security-identity: OK in 244s (692394 tok, $0.951) [done 16, failed 0]
[13:47:05] seed-games-comics: OK in 501s (1094134 tok, $1.291) [done 17, failed 0]
[13:48:30] seed-utilities: OK in 223s (1126755 tok, $0.760) [done 18, failed 0]
[13:48:46] seed-science-space: OK in 246s (960405 tok, $0.916) [done 19, failed 0]
[13:49:48] seed-education-reference: OK in 404s (1717275 tok, $1.620) [done 20, failed 0]
[13:53:26] seed-data-analytics: parse failure (attempt 1): Expecting ',' delimiter: line 1 column 4125 (char 4124)
[13:56:36] seed-data-analytics: OK in 190s (917545 tok, $1.371) [done 21, failed 0]
[13:56:36] fleet done: ok=21 failed=0 skipped=1 tokens=19216969 cost=$21.95
