[round 1] purged=2 queued=4
[17:38:05] fleet start: 4 jobs, concurrency 4
[17:38:42] adjudicate-openuv: OK in 38s (30893 tok, $0.014) [done 1, failed 0]
[17:38:52] adjudicate-packagist: OK in 48s (69763 tok, $0.052) [done 2, failed 0]
[17:39:01] adjudicate-fatsecret: OK in 57s (105060 tok, $0.068) [done 3, failed 0]
[17:39:20] adjudicate-openalex: OK in 76s (152065 tok, $0.096) [done 4, failed 0]
[17:39:20] fleet done: ok=4 failed=0 skipped=0 tokens=357781 cost=$0.23
[round 2] purged=1 queued=1
[17:39:21] fleet start: 1 jobs, concurrency 4
[17:39:56] adjudicate-openalex: OK in 36s (151594 tok, $0.139) [done 1, failed 0]
[17:39:56] fleet done: ok=1 failed=0 skipped=0 tokens=151594 cost=$0.14
[round 3] purged=1 queued=2
[17:39:57] fleet start: 2 jobs, concurrency 4
[17:40:27] adjudicate-pandascore: OK in 31s (109882 tok, $0.079) [done 1, failed 0]
[17:40:43] adjudicate-openalex: OK in 47s (153546 tok, $0.134) [done 2, failed 0]
[17:40:43] fleet done: ok=2 failed=0 skipped=0 tokens=263428 cost=$0.21
[round 4] purged=0 queued=1
[17:40:44] fleet start: 1 jobs, concurrency 4
[17:41:40] adjudicate-perigon: OK in 56s (234886 tok, $0.184) [done 1, failed 0]
[17:41:40] fleet done: ok=1 failed=0 skipped=0 tokens=234886 cost=$0.18
[round 5] purged=1 queued=3
[17:41:40] fleet start: 3 jobs, concurrency 4
[17:42:12] adjudicate-pinterest: OK in 31s (65930 tok, $0.040) [done 1, failed 0]
[17:42:35] adjudicate-pirate-weather: OK in 54s (252100 tok, $0.262) [done 2, failed 0]
[17:42:48] adjudicate-perigon: OK in 68s (234837 tok, $0.156) [done 3, failed 0]
[17:42:48] fleet done: ok=3 failed=0 skipped=0 tokens=552867 cost=$0.46
[round 6] purged=1 queued=4
[17:42:48] fleet start: 4 jobs, concurrency 4
[17:43:11] adjudicate-pirate-weather: OK in 23s (30933 tok, $0.017) [done 1, failed 0]
[17:43:11] adjudicate-pokeapi: OK in 23s (31068 tok, $0.014) [done 2, failed 0]
[17:43:11] adjudicate-phishtank: OK in 23s (30876 tok, $0.014) [done 3, failed 0]
[17:43:34] adjudicate-placekitten: OK in 46s (102968 tok, $0.066) [done 4, failed 0]
[17:43:34] fleet done: ok=4 failed=0 skipped=0 tokens=195845 cost=$0.11
[round 7] purged=0 queued=2
[17:43:35] fleet start: 2 jobs, concurrency 4
[17:44:17] adjudicate-podcast-index: OK in 42s (142077 tok, $0.099) [done 1, failed 0]
[17:45:01] adjudicate-pagerduty: OK in 86s (500059 tok, $0.296) [done 2, failed 0]
[17:45:01] fleet done: ok=2 failed=0 skipped=0 tokens=642136 cost=$0.40
[round 8] purged=2 queued=4
[17:45:01] fleet start: 4 jobs, concurrency 4
[17:45:21] adjudicate-podcast-index: OK in 20s (30714 tok, $0.013) [done 1, failed 0]
[17:45:22] adjudicate-randomuser: OK in 21s (30590 tok, $0.013) [done 2, failed 0]
[17:46:25] adjudicate-pagerduty: OK in 84s (476853 tok, $0.379) [done 3, failed 0]
[17:46:34] adjudicate-quotable: OK in 93s (178875 tok, $0.136) [done 4, failed 0]
[17:46:34] fleet done: ok=4 failed=0 skipped=0 tokens=717032 cost=$0.54
[round 9] purged=1 queued=1
[17:46:34] fleet start: 1 jobs, concurrency 4
[17:47:54] adjudicate-quotable: OK in 79s (175816 tok, $0.125) [done 1, failed 0]
[17:47:54] fleet done: ok=1 failed=0 skipped=0 tokens=175816 cost=$0.13
[round 10] purged=0 queued=2
[17:47:54] fleet start: 2 jobs, concurrency 4
[17:48:10] adjudicate-rawg: OK in 16s (30922 tok, $0.014) [done 1, failed 0]
[17:48:31] adjudicate-reddit: OK in 37s (113851 tok, $0.084) [done 2, failed 0]
[17:48:31] fleet done: ok=2 failed=0 skipped=0 tokens=144773 cost=$0.10
[round 11] purged=1 queued=1
[17:48:31] fleet start: 1 jobs, concurrency 4
[17:49:07] adjudicate-reddit: OK in 36s (113797 tok, $0.097) [done 1, failed 0]
[17:49:07] fleet done: ok=1 failed=0 skipped=0 tokens=113797 cost=$0.10
[round 12] purged=1 queued=2
[17:49:07] fleet start: 2 jobs, concurrency 4
[17:49:23] adjudicate-sample-apis-coffee: OK in 15s (30613 tok, $0.043) [done 1, failed 0]
[17:49:44] adjudicate-reddit: OK in 37s (112778 tok, $0.080) [done 2, failed 0]
[17:49:44] fleet done: ok=2 failed=0 skipped=0 tokens=143391 cost=$0.12
max rounds reached
