[14:41:27] fleet start: 319 jobs, concurrency 5
[14:42:30] research-telegram-bot: OK in 64s (166336 tok, $0.192) [done 1, failed 0]
[14:42:38] research-arxiv-api: OK in 72s (169870 tok, $0.142) [done 2, failed 0]
[14:42:56] research-censys: OK in 90s (285794 tok, $0.276) [done 3, failed 0]
[14:43:13] research-world-news-api: OK in 107s (304262 tok, $0.284) [done 4, failed 0]
[14:43:17] research-cdc-wonder: OK in 111s (341280 tok, $0.285) [done 5, failed 0]
[14:43:45] research-meteostat: OK in 48s (200026 tok, $0.209) [done 6, failed 0]
[14:44:21] research-jolpica-f1: OK in 111s (270444 tok, $0.238) [done 7, failed 0]
[14:44:41] research-moralis: OK in 84s (354802 tok, $0.255) [done 8, failed 0]
[14:44:49] research-replicate: OK in 95s (255563 tok, $0.298) [done 9, failed 0]
[14:45:03] research-diffbot: OK in 78s (337858 tok, $0.450) [done 10, failed 0]
[14:45:12] research-aviationstack: OK in 153s (484709 tok, $0.425) [done 11, failed 0]
[14:45:51] research-pypi: OK in 89s (163334 tok, $0.158) [done 12, failed 0]
[14:46:13] research-vatlayer: OK in 92s (358200 tok, $0.282) [done 13, failed 0]
[14:46:31] research-dog-ceo: OK in 18s (30207 tok, $0.013) [done 14, failed 0]
[14:46:50] research-quotable: OK in 121s (259075 tok, $0.357) [done 15, failed 0]
[14:46:57] research-jikan: OK in 114s (334313 tok, $0.239) [done 16, failed 0]
[14:47:18] research-foursquare-places: OK in 87s (261001 tok, $0.209) [done 17, failed 0]
[14:47:27] research-lichess: OK in 57s (211075 tok, $0.159) [done 18, failed 0]
[14:48:18] research-iex-cloud: parse failure (attempt 1): Expecting ',' delimiter: line 5461 column 1 (char 8230)
[14:48:23] research-tomtom: OK in 93s (325734 tok, $0.250) [done 19, failed 0]
[14:48:53] research-data-gov-uk: OK in 116s (271546 tok, $0.185) [done 20, failed 0]
[14:49:29] research-who-gho: OK in 131s (326235 tok, $0.286) [done 21, failed 0]
[14:49:33] research-newscatcher: OK in 126s (354482 tok, $0.324) [done 22, failed 0]
