[round 1] purged=18 queued=46
[17:08:03] fleet start: 46 jobs, concurrency 4
[17:08:36] adjudicate-blockchair: OK in 33s (30884 tok, $0.055) [done 1, failed 0]
[17:08:36] adjudicate-azure-maps: OK in 33s (31094 tok, $0.045) [done 2, failed 0]
[17:08:52] adjudicate-aws-rekognition: OK in 49s (128930 tok, $0.100) [done 3, failed 0]
[17:08:55] adjudicate-bored-api: OK in 20s (30856 tok, $0.016) [done 4, failed 0]
[17:09:07] adjudicate-brevo: OK in 32s (136175 tok, $0.071) [done 5, failed 0]
[17:09:41] adjudicate-circleci: OK in 34s (133265 tok, $0.208) [done 6, failed 0]
[17:09:58] adjudicate-bright-sky: OK in 66s (184711 tok, $0.149) [done 7, failed 0]
[17:10:36] adjudicate-astronomyapi: OK in 153s (574900 tok, $0.345) [done 8, failed 0]
[17:10:59] adjudicate-clarifai: OK in 61s (191880 tok, $0.212) [done 9, failed 0]
[17:11:10] adjudicate-codecov: OK in 34s (146822 tok, $0.132) [done 10, failed 0]
[17:11:51] adjudicate-deepl: OK in 41s (116264 tok, $0.132) [done 11, failed 0]
[17:12:33] adjudicate-defillama: OK in 42s (99372 tok, $0.053) [done 12, failed 0]
[17:12:33] adjudicate-carmd: OK in 218s (646550 tok, $0.421) [done 13, failed 0]
[17:12:42] adjudicate-claimbuster: OK in 181s (489483 tok, $0.364) [done 14, failed 0]
[17:12:49] adjudicate-coinbase-commerce: OK in 110s (371140 tok, $0.304) [done 15, failed 0]
[17:12:49] adjudicate-discord: OK in 15s (31078 tok, $0.015) [done 16, failed 0]
[17:13:05] adjudicate-duolingo: OK in 16s (30940 tok, $0.045) [done 17, failed 0]
[17:13:25] adjudicate-diffbot: OK in 52s (140371 tok, $0.140) [done 18, failed 0]
[17:13:43] adjudicate-etherscan: OK in 18s (31180 tok, $0.045) [done 19, failed 0]
[17:13:49] adjudicate-eodhd: OK in 44s (77296 tok, $0.103) [done 20, failed 0]
[17:13:59] adjudicate-europeana: OK in 10s (30661 tok, $0.049) [done 21, failed 0]
[17:14:12] adjudicate-eurostat: OK in 13s (31187 tok, $0.017) [done 22, failed 0]
[17:14:22] adjudicate-docker-hub: OK in 100s (427910 tok, $0.261) [done 23, failed 0]
[17:14:24] adjudicate-ensembl: OK in 96s (193573 tok, $0.120) [done 24, failed 0]
[17:14:27] adjudicate-event-registry: OK in 15s (30773 tok, $0.044) [done 25, failed 0]
[17:14:41] adjudicate-financial-modeling-prep: OK in 17s (31362 tok, $0.056) [done 26, failed 0]
[17:14:57] adjudicate-eu-data-portal: OK in 74s (194748 tok, $0.150) [done 27, failed 0]
[17:15:01] adjudicate-fatsecret: OK in 39s (107075 tok, $0.106) [done 28, failed 0]
[17:15:21] adjudicate-fingerprint: OK in 54s (159339 tok, $0.124) [done 29, failed 0]
[17:15:35] adjudicate-foursquare-places: OK in 35s (31678 tok, $0.017) [done 30, failed 0]
[17:16:00] adjudicate-flightaware-aeroapi: OK in 79s (115527 tok, $0.153) [done 31, failed 0]
[17:16:00] adjudicate-football-data-org: OK in 63s (229400 tok, $0.148) [done 32, failed 0]
[17:16:09] adjudicate-fueleconomy: OK in 48s (70488 tok, $0.051) [done 33, failed 0]
[17:16:22] adjudicate-geonames: OK in 47s (74125 tok, $0.097) [done 34, failed 0]
[17:16:26] adjudicate-greynoise: OK in 17s (31096 tok, $0.045) [done 35, failed 0]
[17:16:41] adjudicate-graphhopper: OK in 40s (108536 tok, $0.077) [done 36, failed 0]
[17:16:51] adjudicate-grafana-cloud: OK in 51s (226808 tok, $0.217) [done 37, failed 0]
[17:17:02] adjudicate-tavily: OK in 22s (104525 tok, $0.067) [done 38, failed 0]
[17:17:11] adjudicate-serpapi: OK in 46s (155917 tok, $0.130) [done 39, failed 0]
[17:17:38] adjudicate-here: OK in 76s (373889 tok, $0.242) [done 40, failed 0]
[17:17:38] adjudicate-thecocktaildb: OK in 47s (107346 tok, $0.072) [done 41, failed 0]
[17:17:54] adjudicate-twelve-data: OK in 51s (72561 tok, $0.061) [done 42, failed 0]
[17:17:54] adjudicate-virustotal: OK in 42s (66362 tok, $0.047) [done 43, failed 0]
[17:18:27] adjudicate-visual-crossing: OK in 49s (31196 tok, $0.015) [done 44, failed 0]
[17:18:47] adjudicate-wiktionary: OK in 53s (117058 tok, $0.080) [done 45, failed 0]
[17:18:50] adjudicate-wikipedia: OK in 72s (113770 tok, $0.105) [done 46, failed 0]
[17:18:50] fleet done: ok=46 failed=0 skipped=0 tokens=6860101 cost=$5.50
[round 2] purged=14 queued=34
[17:18:50] fleet start: 34 jobs, concurrency 4
[17:19:11] adjudicate-brevo: OK in 21s (31024 tok, $0.044) [done 1, failed 0]
[17:19:30] adjudicate-aws-rekognition: OK in 40s (78494 tok, $0.072) [done 2, failed 0]
[17:19:43] adjudicate-ensembl: OK in 13s (31017 tok, $0.054) [done 3, failed 0]
[17:19:45] adjudicate-codecov: OK in 34s (103992 tok, $0.071) [done 4, failed 0]
[17:20:02] adjudicate-flightaware-aeroapi: OK in 17s (30914 tok, $0.016) [done 5, failed 0]
[17:20:11] adjudicate-fatsecret: OK in 28s (101999 tok, $0.142) [done 6, failed 0]
[17:20:15] adjudicate-fueleconomy: OK in 13s (30805 tok, $0.053) [done 7, failed 0]
[17:20:25] adjudicate-geonames: OK in 15s (30882 tok, $0.014) [done 8, failed 0]
[17:20:31] adjudicate-grafana-cloud: OK in 17s (30896 tok, $0.044) [done 9, failed 0]
[17:21:06] adjudicate-claimbuster: OK in 135s (275354 tok, $0.187) [done 10, failed 0]
[17:21:52] adjudicate-here: OK in 81s (317815 tok, $0.284) [done 11, failed 0]
[17:21:55] adjudicate-grid-esports: OK in 90s (232794 tok, $0.191) [done 12, failed 0]
[17:22:03] adjudicate-iex-cloud: OK in 11s (30929 tok, $0.014) [done 13, failed 0]
[17:22:19] adjudicate-hex-pm: OK in 73s (429209 tok, $0.291) [done 14, failed 0]
[17:22:19] adjudicate-astronomyapi: OK in 209s (622877 tok, $0.418) [done 15, failed 0]
[17:22:33] adjudicate-imgflip: OK in 38s (70856 tok, $0.052) [done 16, failed 0]
[17:23:04] adjudicate-interactive-brokers: OK in 45s (31145 tok, $0.045) [done 17, failed 0]
[17:23:04] adjudicate-invoice-ninja: OK in 31s (30955 tok, $0.014) [done 18, failed 0]
[17:23:04] adjudicate-intercom: OK in 45s (68436 tok, $0.049) [done 19, failed 0]
[17:23:54] adjudicate-ip-api: OK in 50s (112626 tok, $0.118) [done 20, failed 0]
[17:23:57] adjudicate-inaturalist: OK in 114s (452540 tok, $0.280) [done 21, failed 0]
[17:24:03] adjudicate-ipqualityscore: OK in 59s (135375 tok, $0.112) [done 22, failed 0]
[17:24:11] adjudicate-ipgeolocation-io: OK in 67s (163847 tok, $0.171) [done 23, failed 0]
[17:24:25] adjudicate-jikan: OK in 28s (100873 tok, $0.102) [done 24, failed 0]
[17:24:27] adjudicate-iqair-airvisual: OK in 32s (106710 tok, $0.127) [done 25, failed 0]
[17:24:36] adjudicate-klarna: OK in 11s (31031 tok, $0.044) [done 26, failed 0]
[17:25:02] adjudicate-launchdarkly: OK in 35s (114803 tok, $0.136) [done 27, failed 0]
[17:25:15] adjudicate-jina-ai: OK in 72s (237663 tok, $0.154) [done 28, failed 0]
[17:25:15] adjudicate-khan-academy: OK in 64s (111240 tok, $0.087) [done 29, failed 0]
[17:25:24] adjudicate-lemon-squeezy: OK in 47s (118266 tok, $0.099) [done 30, failed 0]
[17:25:48] adjudicate-mailchimp: OK in 32s (31007 tok, $0.014) [done 31, failed 0]
[17:25:58] adjudicate-locationiq: OK in 56s (74129 tok, $0.058) [done 32, failed 0]
[17:26:23] adjudicate-wiktionary: OK in 59s (162683 tok, $0.209) [done 33, failed 0]
[17:26:39] adjudicate-wikipedia: OK in 84s (188844 tok, $0.100) [done 34, failed 0]
[17:26:39] fleet done: ok=34 failed=0 skipped=0 tokens=4722030 cost=$3.87
[round 3] purged=7 queued=19
[17:26:39] fleet start: 19 jobs, concurrency 4
[17:27:22] adjudicate-fatsecret: OK in 42s (103159 tok, $0.073) [done 1, failed 0]
[17:27:28] adjudicate-codecov: OK in 49s (141418 tok, $0.091) [done 2, failed 0]
[17:28:17] adjudicate-ipgeolocation-io: OK in 55s (146408 tok, $0.139) [done 3, failed 0]
[17:28:20] adjudicate-iex-cloud: OK in 100s (143624 tok, $0.094) [done 4, failed 0]
[17:28:30] adjudicate-inaturalist: OK in 110s (397082 tok, $0.350) [done 5, failed 0]
[17:28:33] adjudicate-launchdarkly: OK in 16s (30925 tok, $0.016) [done 6, failed 0]
[17:28:33] adjudicate-khan-academy: OK in 65s (109900 tok, $0.082) [done 7, failed 0]
[17:28:52] adjudicate-marinetraffic: OK in 22s (30944 tok, $0.014) [done 8, failed 0]
[17:28:52] adjudicate-marvel-comics: OK in 19s (30844 tok, $0.014) [done 9, failed 0]
[17:29:24] adjudicate-maven-central: OK in 33s (104052 tok, $0.063) [done 10, failed 0]
[17:29:35] adjudicate-lingua-robot: OK in 75s (231351 tok, $0.183) [done 11, failed 0]
[17:29:37] adjudicate-mediawiki: OK in 12s (31029 tok, $0.054) [done 12, failed 0]
[17:29:53] adjudicate-marketaux: OK in 80s (134860 tok, $0.116) [done 13, failed 0]
[17:29:53] adjudicate-messari: OK in 16s (31001 tok, $0.015) [done 14, failed 0]
[17:29:53] adjudicate-massive: OK in 61s (228638 tok, $0.215) [done 15, failed 0]
[17:30:20] adjudicate-met-museum: OK in 27s (30932 tok, $0.014) [done 16, failed 0]
[17:30:20] adjudicate-meta-graph: OK in 27s (31188 tok, $0.015) [done 17, failed 0]
[17:30:20] adjudicate-memegen: OK in 45s (122240 tok, $0.089) [done 18, failed 0]
[17:30:38] adjudicate-meteoblue: OK in 45s (115680 tok, $0.090) [done 19, failed 0]
[17:30:38] fleet done: ok=19 failed=0 skipped=0 tokens=2195275 cost=$1.72
[round 4] purged=6 queued=17
[17:30:39] fleet start: 17 jobs, concurrency 4
[17:31:06] adjudicate-ipgeolocation-io: OK in 27s (30928 tok, $0.045) [done 1, failed 0]
[17:31:26] adjudicate-fatsecret: OK in 48s (107954 tok, $0.127) [done 2, failed 0]
[17:31:46] adjudicate-maven-central: OK in 40s (108616 tok, $0.078) [done 3, failed 0]
[17:31:52] adjudicate-massive: OK in 74s (222464 tok, $0.220) [done 4, failed 0]
[17:32:04] adjudicate-memegen: OK in 37s (115800 tok, $0.076) [done 5, failed 0]
[17:32:11] adjudicate-meteostat: OK in 25s (31337 tok, $0.064) [done 6, failed 0]
[17:32:21] adjudicate-moralis: OK in 17s (31050 tok, $0.015) [done 7, failed 0]
[17:32:27] adjudicate-mozilla-observatory: OK in 17s (31261 tok, $0.016) [done 8, failed 0]
[17:32:50] adjudicate-iex-cloud: OK in 132s (105366 tok, $0.110) [done 9, failed 0]
[17:33:14] adjudicate-nasa-open-data: OK in 24s (31006 tok, $0.015) [done 10, failed 0]
[17:33:14] adjudicate-nansen: OK in 54s (165413 tok, $0.197) [done 11, failed 0]
[17:33:28] adjudicate-mojang: OK in 95s (186334 tok, $0.225) [done 12, failed 0]
[17:33:38] adjudicate-new-relic: OK in 23s (31069 tok, $0.027) [done 13, failed 0]
[17:33:43] adjudicate-nasa-ads: OK in 76s (280325 tok, $0.195) [done 14, failed 0]
[17:33:46] adjudicate-ncbi-eutils: OK in 32s (31640 tok, $0.017) [done 15, failed 0]
[17:33:50] adjudicate-newscatcher: OK in 22s (31291 tok, $0.046) [done 16, failed 0]
[17:34:32] adjudicate-noaa-ncei: OK in 54s (73579 tok, $0.058) [done 17, failed 0]
[17:34:32] fleet done: ok=17 failed=0 skipped=0 tokens=1615433 cost=$1.53
[round 5] purged=3 queued=9
[17:34:32] fleet start: 9 jobs, concurrency 4
[17:34:50] adjudicate-nutritionix: OK in 18s (30835 tok, $0.014) [done 1, failed 0]
[17:35:08] adjudicate-okta: OK in 18s (31009 tok, $0.054) [done 2, failed 0]
[17:35:17] adjudicate-fatsecret: OK in 45s (116883 tok, $0.124) [done 3, failed 0]
[17:35:17] adjudicate-memegen: OK in 45s (109004 tok, $0.069) [done 4, failed 0]
[17:35:31] adjudicate-openaq: OK in 13s (30892 tok, $0.014) [done 5, failed 0]
[17:35:45] adjudicate-open-textbook-library: OK in 36s (105602 tok, $0.096) [done 6, failed 0]
[17:35:56] adjudicate-openalex: OK in 39s (141733 tok, $0.090) [done 7, failed 0]
[17:36:07] adjudicate-openrouteservice: OK in 37s (135779 tok, $0.088) [done 8, failed 0]
[17:36:19] adjudicate-massive: parse failure (attempt 1): Expecting ',' delimiter: line 1 column 4112 (char 4111)
[17:36:35] adjudicate-massive: OK in 16s (31114 tok, $0.015) [done 9, failed 0]
[17:36:35] fleet done: ok=9 failed=0 skipped=0 tokens=732851 cost=$0.56
[round 6] purged=2 queued=4
[17:36:36] fleet start: 4 jobs, concurrency 4
[17:37:06] adjudicate-packagist: OK in 31s (69667 tok, $0.072) [done 1, failed 0]
[17:37:18] adjudicate-openalex: OK in 42s (111646 tok, $0.087) [done 2, failed 0]
