[13:57:39] fleet start: 30 jobs, concurrency 6
[14:00:57] seed2-legal-compliance: OK in 198s (1040642 tok, $1.127) [done 1, failed 0]
[14:02:18] seed2-jobs-careers: OK in 279s (964752 tok, $1.162) [done 2, failed 0]
[14:02:49] seed2-energy-utilities: OK in 309s (1386592 tok, $1.365) [done 3, failed 0]
[14:02:53] seed2-travel-hospitality: OK in 314s (1610961 tok, $1.272) [done 4, failed 0]
[14:02:57] seed2-iot-devices: OK in 39s (31304 tok, $0.052) [done 5, failed 0]
[14:05:40] seed2-weather-environment: OK in 172s (1038047 tok, $1.106) [done 6, failed 0]
[14:05:51] seed2-agriculture: OK in 492s (1343097 tok, $0.907) [done 7, failed 0]
[14:06:20] seed2-events-holidays: OK in 323s (954625 tok, $0.999) [done 8, failed 0]
[14:08:49] seed2-geo-maps: OK in 356s (1501403 tok, $1.410) [done 9, failed 0]
[14:09:11] seed2-crypto: OK in 211s (1133397 tok, $1.258) [done 10, failed 0]
[14:09:15] seed2-finance: OK in 378s (1133158 tok, $1.413) [done 11, failed 0]
[14:09:20] seed2-ai-ml: OK in 31s (31541 tok, $0.052) [done 12, failed 0]
[14:09:53] seed2-government-open-data: OK in 38s (32012 tok, $0.055) [done 13, failed 0]
[14:09:55] seed2-news-media: OK in 216s (1641243 tok, $1.523) [done 14, failed 0]
[14:11:23] seed2-transportation: OK in 122s (1001877 tok, $1.060) [done 15, failed 0]
[14:12:17] seed2-sports: parse failure (attempt 1): Expecting ',' delimiter: line 1367 column 1 (char 5289)
[14:12:32] seed2-real-estate-housing: OK in 893s (1499266 tok, $2.588) [done 16, failed 0]
[14:13:56] seed2-health-fitness: OK in 243s (1314648 tok, $1.171) [done 17, failed 0]
[14:14:12] seed2-dev-tools: parse failure (attempt 1): Expecting ',' delimiter: line 2050 column 1 (char 10087)
[14:15:13] seed2-dev-tools: OK in 61s (33917 tok, $0.067) [done 18, failed 0]
[14:15:25] seed2-food-drink: OK in 329s (2608520 tok, $1.496) [done 19, failed 0]
[14:15:56] seed2-entertainment: OK in 274s (1670552 tok, $1.335) [done 20, failed 0]
[14:16:43] seed2-sports: OK in 266s (2012688 tok, $2.019) [done 21, failed 0]
[14:17:19] seed2-education-reference: OK in 36s (31569 tok, $0.052) [done 22, failed 0]
[14:18:34] seed2-social-communication: OK in 201s (880126 tok, $1.218) [done 23, failed 0]
[14:19:47] seed2-games-comics: OK in 435s (1181586 tok, $1.130) [done 24, failed 0]
[14:19:50] seed2-security-identity: OK in 233s (746896 tok, $1.197) [done 25, failed 0]
[14:21:28] seed2-science-space: parse failure (attempt 1): Expecting ',' delimiter: line 8195 column 1 (char 17540)
[14:23:12] seed2-fun-novelty: OK in 352s (1241426 tok, $0.907) [done 26, failed 0]
[14:23:13] seed2-science-space: parse failure (attempt 2): Expecting ',' delimiter: line 1391 column 1 (char 4955)
[14:24:45] seed2-data-analytics: OK in 297s (822512 tok, $0.964) [done 27, failed 0]
[14:28:40] seed2-science-space: OK in 327s (1393223 tok, $1.157) [done 28, failed 0]
[14:31:49] seed2-ecommerce-payments: OK in 985s (127875 tok, $0.602) [done 29, failed 0]
[14:34:30] seed2-utilities: OK in 956s (127428 tok, $0.610) [done 30, failed 0]
[14:34:30] fleet done: ok=30 failed=0 skipped=0 tokens=30536883 cost=$31.27
