[round 1] purged=0 queued=2
[17:50:08] fleet start: 2 jobs, concurrency 4
[17:50:20] adjudicate-scrapingbee: OK in 13s (30786 tok, $0.014) [done 1, failed 0]
[17:50:48] adjudicate-semantic-scholar: OK in 40s (122108 tok, $0.105) [done 2, failed 0]
[17:50:48] fleet done: ok=2 failed=0 skipped=0 tokens=152894 cost=$0.12
[round 2] purged=0 queued=0
[round 2] queue empty, verifiers still running — sleeping 300s
[round 3] purged=0 queued=2
[17:55:49] fleet start: 2 jobs, concurrency 4
[17:56:47] adjudicate-sonarcloud: OK in 58s (187386 tok, $0.115) [done 1, failed 0]
[17:56:53] adjudicate-socrata: OK in 64s (165826 tok, $0.193) [done 2, failed 0]
[17:56:53] fleet done: ok=2 failed=0 skipped=0 tokens=353212 cost=$0.31
[round 4] purged=0 queued=2
[17:56:54] fleet start: 2 jobs, concurrency 4
[17:57:09] adjudicate-sportradar: OK in 15s (31104 tok, $0.015) [done 1, failed 0]
[17:58:21] adjudicate-sportmonks: OK in 87s (208519 tok, $0.225) [done 2, failed 0]
[17:58:21] fleet done: ok=2 failed=0 skipped=0 tokens=239623 cost=$0.24
[round 5] purged=0 queued=2
[17:58:21] fleet start: 2 jobs, concurrency 4
[17:59:02] adjudicate-stormglass: OK in 41s (138435 tok, $0.134) [done 1, failed 0]
[17:59:26] adjudicate-stream-chat: OK in 65s (398671 tok, $0.207) [done 2, failed 0]
[17:59:26] fleet done: ok=2 failed=0 skipped=0 tokens=537106 cost=$0.34
[round 6] purged=0 queued=2
[17:59:26] fleet start: 2 jobs, concurrency 4
[17:59:44] adjudicate-tcgdex: OK in 17s (30657 tok, $0.013) [done 1, failed 0]
[17:59:50] adjudicate-taxjar: OK in 24s (86918 tok, $0.080) [done 2, failed 0]
[17:59:50] fleet done: ok=2 failed=0 skipped=0 tokens=117575 cost=$0.09
[round 7] purged=0 queued=1
[17:59:51] fleet start: 1 jobs, concurrency 4
[18:00:22] adjudicate-telegram-bot: OK in 31s (73209 tok, $0.066) [done 1, failed 0]
[18:00:22] fleet done: ok=1 failed=0 skipped=0 tokens=73209 cost=$0.07
[round 8] purged=1 queued=1
[18:00:22] fleet start: 1 jobs, concurrency 4
[18:00:40] adjudicate-telegram-bot: OK in 18s (31281 tok, $0.017) [done 1, failed 0]
[18:00:40] fleet done: ok=1 failed=0 skipped=0 tokens=31281 cost=$0.02
[round 9] purged=0 queued=0
[round 9] queue empty, verifiers still running — sleeping 300s
[round 10] purged=0 queued=8
[18:05:41] fleet start: 8 jobs, concurrency 4
[18:06:24] adjudicate-the-odds-api: OK in 43s (130594 tok, $0.121) [done 1, failed 0]
[18:06:31] adjudicate-shippo: OK in 50s (127632 tok, $0.124) [done 2, failed 0]
[18:06:51] adjudicate-thecatapi: OK in 70s (140613 tok, $0.122) [done 3, failed 0]
[18:06:57] adjudicate-they-said-so: OK in 33s (30837 tok, $0.044) [done 4, failed 0]
[18:07:43] adjudicate-tomtom: OK in 51s (103296 tok, $0.102) [done 5, failed 0]
[18:07:52] adjudicate-tiingo: OK in 81s (256986 tok, $0.176) [done 6, failed 0]
[18:08:00] adjudicate-the-trivia-api: OK in 139s (381195 tok, $0.245) [done 7, failed 0]
[18:10:53] adjudicate-trackingmore: OK in 236s (863624 tok, $0.551) [done 8, failed 0]
[18:10:53] fleet done: ok=8 failed=0 skipped=0 tokens=2034777 cost=$1.49
[round 11] purged=2 queued=12
[18:10:54] fleet start: 12 jobs, concurrency 4
[18:11:28] adjudicate-trakt: OK in 34s (30806 tok, $0.014) [done 1, failed 0]
[18:11:28] adjudicate-trackingmore: OK in 34s (31560 tok, $0.017) [done 2, failed 0]
[18:11:50] adjudicate-thecatapi: OK in 56s (141872 tok, $0.093) [done 3, failed 0]
[18:12:01] adjudicate-un-data: OK in 33s (31179 tok, $0.054) [done 4, failed 0]
[18:12:05] adjudicate-udemy: OK in 37s (31179 tok, $0.037) [done 5, failed 0]
[18:12:20] adjudicate-tripadvisor: OK in 86s (141206 tok, $0.086) [done 6, failed 0]
[18:12:42] adjudicate-usgs-water: OK in 41s (108704 tok, $0.104) [done 7, failed 0]
[18:12:49] adjudicate-untappd: OK in 59s (266785 tok, $0.240) [done 8, failed 0]
[18:12:53] adjudicate-vatlayer: OK in 48s (143431 tok, $0.094) [done 9, failed 0]
[18:12:53] adjudicate-vesselfinder: OK in 33s (108065 tok, $0.121) [done 10, failed 0]
[18:13:37] adjudicate-vonage: OK in 55s (153136 tok, $0.137) [done 11, failed 0]
[18:15:48] adjudicate-webzio: OK in 179s (812948 tok, $0.497) [done 12, failed 0]
[18:15:48] fleet done: ok=12 failed=0 skipped=0 tokens=2000871 cost=$1.49
[round 12] purged=5 queued=12
[18:15:49] fleet start: 12 jobs, concurrency 4
[18:16:35] adjudicate-vesselfinder: OK in 46s (104943 tok, $0.063) [done 1, failed 0]
[18:16:58] adjudicate-tripadvisor: OK in 69s (229609 tok, $0.166) [done 2, failed 0]
[18:17:04] adjudicate-untappd: OK in 76s (260938 tok, $0.279) [done 3, failed 0]
[18:17:11] adjudicate-usda-fooddata-central: OK in 82s (345206 tok, $0.239) [done 4, failed 0]
[18:17:26] adjudicate-vonage: OK in 51s (206230 tok, $0.181) [done 5, failed 0]
[18:17:35] adjudicate-voyage-ai: OK in 37s (121376 tok, $0.109) [done 6, failed 0]
[18:17:39] adjudicate-wheretheiss-at: OK in 12s (30730 tok, $0.013) [done 7, failed 0]
[18:17:43] adjudicate-waqi: OK in 39s (115666 tok, $0.109) [done 8, failed 0]
[18:17:52] adjudicate-x-twitter: OK in 9s (31128 tok, $0.014) [done 9, failed 0]
[18:17:59] adjudicate-workos: OK in 25s (68399 tok, $0.050) [done 10, failed 0]
[18:18:06] adjudicate-world-news-api: OK in 27s (101455 tok, $0.054) [done 11, failed 0]
[18:19:17] adjudicate-webzio: OK in 126s (707837 tok, $0.419) [done 12, failed 0]
[18:19:17] fleet done: ok=12 failed=0 skipped=0 tokens=2323517 cost=$1.70
[round 13] purged=6 queued=13
[18:19:18] fleet start: 13 jobs, concurrency 4
[18:19:34] adjudicate-tripadvisor: OK in 16s (31093 tok, $0.023) [done 1, failed 0]
[18:19:41] adjudicate-theaudiodb: OK in 24s (73322 tok, $0.059) [done 2, failed 0]
[18:20:08] adjudicate-untappd: OK in 51s (269886 tok, $0.217) [done 3, failed 0]
[18:20:15] adjudicate-vonage: OK in 41s (150067 tok, $0.093) [done 4, failed 0]
[18:20:22] adjudicate-voyage-ai: OK in 41s (122204 tok, $0.112) [done 5, failed 0]
[18:20:35] adjudicate-vesselfinder: parse failure (attempt 1): Expecting ',' delimiter: line 1368 column 1 (char 4127)
[18:20:47] adjudicate-vesselfinder: OK in 11s (30768 tok, $0.014) [done 6, failed 0]
[18:20:52] adjudicate-world-bank: OK in 30s (108831 tok, $0.111) [done 7, failed 0]
[18:20:54] adjudicate-waqi: OK in 45s (111249 tok, $0.068) [done 8, failed 0]
[18:21:01] adjudicate-world-weather-online: OK in 14s (30898 tok, $0.044) [done 9, failed 0]
[18:21:05] adjudicate-wikimedia-rest: OK in 50s (225202 tok, $0.199) [done 10, failed 0]
[18:21:12] adjudicate-you-com: OK in 20s (30872 tok, $0.014) [done 11, failed 0]
[18:21:13] adjudicate-zerobounce: OK in 12s (30837 tok, $0.014) [done 12, failed 0]
[18:22:03] adjudicate-zenrows: OK in 69s (238291 tok, $0.150) [done 13, failed 0]
[18:22:03] fleet done: ok=13 failed=0 skipped=0 tokens=1453520 cost=$1.12
[round 14] purged=2 queued=3
[18:22:03] fleet start: 3 jobs, concurrency 4
[18:22:30] adjudicate-voyage-ai: OK in 26s (74407 tok, $0.090) [done 1, failed 0]
[18:22:43] adjudicate-untappd: OK in 39s (193746 tok, $0.171) [done 2, failed 0]
[18:23:26] adjudicate-zomato: OK in 83s (156725 tok, $0.136) [done 3, failed 0]
[18:23:26] fleet done: ok=3 failed=0 skipped=0 tokens=424878 cost=$0.40
[round 15] purged=1 queued=1
[18:23:27] fleet start: 1 jobs, concurrency 4
[18:24:11] adjudicate-voyage-ai: OK in 44s (122176 tok, $0.124) [done 1, failed 0]
[18:24:11] fleet done: ok=1 failed=0 skipped=0 tokens=122176 cost=$0.12
[round 16] purged=0 queued=0
converged: no punts, no conflicts, verifiers done
